../Core/Inc/peripherals/delay.h:16:20:delay_ms	24	static,ignoring_inline_asm
../Core/Inc/peripherals/lcd.h:22:6:LCD_Send_Command	32	static
../Core/Inc/peripherals/lcd.h:54:6:LCD_Send_Data	32	static
../Core/Inc/peripherals/lcd.h:92:6:LCD_Init	8	static
../Core/Inc/peripherals/lcd.h:114:6:LCD_Send_String	16	static
../Core/Inc/peripherals/lcd.h:118:6:LCD_Clear_Display	16	static
../Core/Inc/peripherals/lcd.h:125:6:LCD_Cursor_Position	24	static
../Core/Inc/peripherals/am2320.h:19:6:AM2320_Wakeup	16	static
../Core/Inc/peripherals/am2320.h:40:6:AM2320_Send_Command	16	static
../Core/Inc/peripherals/am2320.h:70:6:AM2320_Receive	16	static
../Core/Src/main.c:28:5:main	16	static
../Core/Src/main.c:91:6:Display_Value	40	static
